[21:20:57] [main/INFO]: Loading Minecraft 1.20.1 with Fabric Loader 0.18.2
[21:21:02] [main/WARN]: Warnings were found!
 - Mod 'Simply Swords' (simplyswords) 1.56.0-1.20.1 recommends version 1.7.2 or later of bettercombat, which is missing!
	 - You should install version 1.7.2 or later of bettercombat for the optimal experience.
[21:21:02] [main/INFO]: Loading 185 mods:
	- accessories 1.0.0-beta.48+1.20.1
	   |-- io_wispforest_endec 0.1.8
	   |-- io_wispforest_endec_gson 0.1.5
	   \-- io_wispforest_endec_netty 0.1.4
	- appleskin 2.5.1+mc1.20
	- architectury 9.2.14
	- azurelib 1.0.20
	   \-- com_eliotlash_mclib_mclib 20
	- bclib 3.0.14
	   \-- wunderlib 1.1.5
	- betteradvancements 0.4.2.10
	- betterend 4.0.11
	- bookshelf 20.2.13
	- cardinal-components 5.2.3
	   |-- cardinal-components-base 5.2.3
	   |-- cardinal-components-block 5.2.3
	   |-- cardinal-components-chunk 5.2.3
	   |-- cardinal-components-entity 5.2.3
	   |-- cardinal-components-item 5.2.3
	   |-- cardinal-components-level 5.2.3
	   |-- cardinal-components-scoreboard 5.2.3
	   \-- cardinal-components-world 5.2.3
	- carryon 2.1.2.7
	- cloth-config 11.1.136
	   \-- cloth-basic-math 0.6.1
	- comforts 6.4.0+1.20.1
	- copperagebackport 0.1.4
	- coroutil 1.20.1-1.3.7
	- crafttweaker 14.0.59
	   |-- org_javassist_javassist 3.29.0-GA
	   \-- org_reflections_reflections 0.10.2
	- elytraslot 6.4.4+1.20.1
	   \-- mixinsquared 0.1.2-beta.6
	- emi 1.1.22+1.20.1+fabric
	- fabric-api 0.92.6+1.20.1
	   |-- fabric-api-base 0.4.32+1802ada577
	   |-- fabric-api-lookup-api-v1 1.6.37+1802ada577
	   |-- fabric-biome-api-v1 13.0.14+1802ada577
	   |-- fabric-block-api-v1 1.0.12+1802ada577
	   |-- fabric-block-view-api-v2 1.0.3+924f046a77
	   |-- fabric-blockrenderlayer-v1 1.1.42+1802ada577
	   |-- fabric-client-tags-api-v1 1.1.3+1802ada577
	   |-- fabric-command-api-v1 1.2.35+f71b366f77
	   |-- fabric-command-api-v2 2.2.14+1802ada577
	   |-- fabric-commands-v0 0.2.52+df3654b377
	   |-- fabric-containers-v0 0.1.67+df3654b377
	   |-- fabric-content-registries-v0 4.0.13+1802ada577
	   |-- fabric-convention-tags-v1 1.5.6+1802ada577
	   |-- fabric-crash-report-info-v1 0.2.20+1802ada577
	   |-- fabric-data-attachment-api-v1 1.0.2+de0fd6d177
	   |-- fabric-data-generation-api-v1 12.3.7+1802ada577
	   |-- fabric-dimensions-v1 2.1.55+1802ada577
	   |-- fabric-entity-events-v1 1.6.1+1c78457f77
	   |-- fabric-events-interaction-v0 0.6.5+13a40c6677
	   |-- fabric-events-lifecycle-v0 0.2.64+df3654b377
	   |-- fabric-game-rule-api-v1 1.0.41+1802ada577
	   |-- fabric-item-api-v1 2.1.29+1802ada577
	   |-- fabric-item-group-api-v1 4.0.14+1802ada577
	   |-- fabric-key-binding-api-v1 1.0.38+1802ada577
	   |-- fabric-keybindings-v0 0.2.36+df3654b377
	   |-- fabric-lifecycle-events-v1 2.2.23+1802ada577
	   |-- fabric-loot-api-v2 1.2.3+1802ada577
	   |-- fabric-loot-tables-v1 1.1.47+9e7660c677
	   |-- fabric-message-api-v1 5.1.10+1802ada577
	   |-- fabric-mining-level-api-v1 2.1.52+1802ada577
	   |-- fabric-model-loading-api-v1 1.0.4+1802ada577
	   |-- fabric-models-v0 0.4.3+9386d8a777
	   |-- fabric-networking-api-v1 1.3.14+a158aa0477
	   |-- fabric-networking-v0 0.3.54+df3654b377
	   |-- fabric-object-builder-api-v1 11.1.5+e35120df77
	   |-- fabric-particles-v1 1.1.3+1802ada577
	   |-- fabric-recipe-api-v1 1.0.24+1802ada577
	   |-- fabric-registry-sync-v0 2.3.6+1802ada577
	   |-- fabric-renderer-api-v1 3.2.2+1802ada577
	   |-- fabric-renderer-indigo 1.5.3+85287f9f77
	   |-- fabric-renderer-registries-v1 3.2.47+df3654b377
	   |-- fabric-rendering-data-attachment-v1 0.3.39+92a0d36777
	   |-- fabric-rendering-fluids-v1 3.0.29+1802ada577
	   |-- fabric-rendering-v0 1.1.50+df3654b377
	   |-- fabric-rendering-v1 3.0.9+1802ada577
	   |-- fabric-resource-conditions-api-v1 2.3.9+1802ada577
	   |-- fabric-resource-loader-v0 0.11.12+fb82e9d777
	   |-- fabric-screen-api-v1 2.0.9+1802ada577
	   |-- fabric-screen-handler-api-v1 1.3.33+1802ada577
	   |-- fabric-sound-api-v1 1.0.14+1802ada577
	   |-- fabric-transfer-api-v1 3.3.6+8dd72ea377
	   \-- fabric-transitive-access-wideners-v1 4.3.2+1802ada577
	- fabric-language-kotlin 1.13.8+kotlin.2.3.0
	   |-- org_jetbrains_kotlin_kotlin-reflect 2.3.0
	   |-- org_jetbrains_kotlin_kotlin-stdlib 2.3.0
	   |-- org_jetbrains_kotlin_kotlin-stdlib-jdk7 2.3.0
	   |-- org_jetbrains_kotlin_kotlin-stdlib-jdk8 2.3.0
	   |-- org_jetbrains_kotlinx_atomicfu-jvm 0.29.0
	   |-- org_jetbrains_kotlinx_kotlinx-coroutines-core-jvm 1.10.2
	   |-- org_jetbrains_kotlinx_kotlinx-coroutines-jdk8 1.10.2
	   |-- org_jetbrains_kotlinx_kotlinx-datetime-jvm 0.7.1
	   |-- org_jetbrains_kotlinx_kotlinx-io-bytestring-jvm 0.8.2
	   |-- org_jetbrains_kotlinx_kotlinx-io-core-jvm 0.8.2
	   |-- org_jetbrains_kotlinx_kotlinx-serialization-cbor-jvm 1.9.0
	   |-- org_jetbrains_kotlinx_kotlinx-serialization-core-jvm 1.9.0
	   \-- org_jetbrains_kotlinx_kotlinx-serialization-json-jvm 1.9.0
	- fabricloader 0.18.2
	   \-- mixinextras 0.5.0
	- fallingtree 4.3.4
	- farmersdelight 1.20.1-2.4.1+refabricated
	   |-- mm 2.3
	   \-- porting_lib_tags 3.0
	- faux-custom-entity-data 6.0.1
	- ferritecore 6.0.1
	- forgeconfigapiport 8.0.3
	- geckolib 4.8.2
	- grindenchantments 3.1.4+1.20.1
	   \-- codec-config-api 3.0.1+1.20.1
	- immersive_aircraft 1.4.0+1.20.1
	   \-- org_mariuszgromada_math_mathparser_org-mxparser 5.2.1
	- immersive_armors 1.7.1+1.20.1
	- ironchests 5.0.2
	- java 17
	- jei 15.20.0.128
	- justhammers 20.1.5+mc1.20.1
	- mcpitanlib 3.4.3-1.20.1-fabric
	- mcwbridges 3.1.0
	- mcwdoors 1.1.2
	- mcwfences 1.2.1
	- mcwfurnitures 3.4.1
	- mcwroofs 2.3.2
	- mcwtrpdoors 1.1.5
	- mcwwindows 2.4.2
	- minecraft 1.20.1
	- moredelight 25.7.28-1.20-fabric
	- mr_dungeons_andtavernsswamphutrework 1
	- naturescompass 1.20.1-2.2.3-fabric
	- niftycarts 20.1.5
	- pointblank 1.9.6
	- polymorph 0.49.10+1.20.1
	   \-- spectrelib 0.13.17+1.20.1
	        |-- com_electronwill_night-config_core 3.6.7
	        \-- com_electronwill_night-config_toml 3.6.7
	- porting_lib 2.3.14+1.20.1
	   |-- porting_lib_accessors 2.3.14+1.20.1
	   |-- porting_lib_asm 2.3.14+1.20.1
	   |-- porting_lib_attributes 2.3.14+1.20.1
	   |-- porting_lib_base 2.3.14+1.20.1
	   |-- porting_lib_blocks 2.3.14+1.20.1
	   |-- porting_lib_brewing 2.3.14+1.20.1
	   |-- porting_lib_chunk_loading 2.3.14+1.20.1
	   |-- porting_lib_client_events 2.3.14+1.20.1
	   |-- porting_lib_common 2.3.14+1.20.1
	   |-- porting_lib_config 2.3.14+1.20.1
	   |-- porting_lib_core 2.3.14+1.20.1
	   |-- porting_lib_data 2.3.14+1.20.1
	   |-- porting_lib_entity 2.3.14+1.20.1
	   |-- porting_lib_extensions 2.3.14+1.20.1
	   |-- porting_lib_fluids 2.3.14+1.20.1
	   |-- porting_lib_gametest 2.3.14+1.20.1
	   |-- porting_lib_gui_utils 2.3.14+1.20.1
	   |-- porting_lib_items 2.3.14+1.20.1
	   |-- porting_lib_lazy_registration 2.3.14+1.20.1
	   |-- porting_lib_level_events 2.3.14+1.20.1
	   |-- porting_lib_loot 2.3.14+1.20.1
	   |-- porting_lib_mixin_extensions 2.3.14+1.20.1
	   |-- porting_lib_model_builders 2.3.14+1.20.1
	   |-- porting_lib_model_generators 2.3.14+1.20.1
	   |-- porting_lib_model_loader 2.3.14+1.20.1
	   |-- porting_lib_model_materials 2.3.14+1.20.1
	   |-- porting_lib_models 2.3.14+1.20.1
	   |-- porting_lib_networking 2.3.14+1.20.1
	   |-- porting_lib_obj_loader 2.3.14+1.20.1
	   |-- porting_lib_recipe_book_categories 2.3.14+1.20.1
	   |-- porting_lib_registries 2.3.14+1.20.1
	   |-- porting_lib_tool_actions 2.3.14+1.20.1
	   |-- porting_lib_transfer 2.3.14+1.20.1
	   |-- porting_lib_utility 2.3.14+1.20.1
	   \-- reach-entity-attributes 2.4.0
	- resourcefullib 2.1.29
	   |-- com_teamresourceful_bytecodecs 1.0.2
	   \-- com_teamresourceful_yabn 1.0.3
	- simplyswords 1.56.0-1.20.1
	   \-- spruceui 5.0.0+1.20
	- spark 1.10.53
	- taxfreelevels 1.4.14
	- travelersbackpack 9.1.43
	   \-- reach-entity-attributes 2.4.0
	- trinkets 3.7.2
	- uncraftingtable76 1.5.4
	- universal-graves 3.0.3+1.20.1
	   |-- common-protection-api 1.0.0
	   |-- fabric-permissions-api-v0 0.2-SNAPSHOT
	   |-- placeholder-api 2.1.3+1.20.1
	   |-- polymer-core 0.5.19+1.20.1
	   |    |-- polymer-networking 0.5.19+1.20.1
	   |    |    \-- polymer-common 0.5.19+1.20.1
	   |    |         \-- packet_tweaker 0.4.0+1.19.4
	   |    \-- polymer-registry-sync-manipulator 0.5.19+1.20.1
	   |-- polymer-resource-pack 0.5.19+1.20.1
	   |    \-- polymer-common 0.5.19+1.20.1
	   |         \-- packet_tweaker 0.4.0+1.19.4
	   |-- polymer-virtual-entity 0.5.19+1.20.1
	   |    \-- polymer-common 0.5.19+1.20.1
	   |         \-- packet_tweaker 0.4.0+1.19.4
	   |-- predicate-api 0.2.1+1.20.1
	   |-- server_translations_api 2.0.0+1.20
	   |    \-- packet_tweaker 0.4.0+1.19.4
	   \-- sgui 1.2.2+1.20
	- watut 1.20.1-1.2.3
[21:21:04] [main/INFO]: SpongePowered MIXIN Subsystem Version=0.8.7 Source=file:/workspaces/potential-giggle/servidor_minecraft/libraries/net/fabricmc/sponge-mixin/0.16.5+mixin.0.8.7/sponge-mixin-0.16.5+mixin.0.8.7.jar Service=Knot/Fabric Env=SERVER
[21:21:04] [main/INFO]: Compatibility level set to JAVA_17
[21:21:04] [main/WARN]: Reference map 'coroutil.refmap.json' for coroutil_fabric.mixins.json could not be read. If this is a development environment you can ignore this message
[21:21:04] [main/WARN]: Reference map 'justhammers-common-refmap.json' for justhammers-common.mixins.json could not be read. If this is a development environment you can ignore this message
[21:21:04] [main/WARN]: Reference map 'simplyswords-fabric-refmap.json' for simplyswords.mixins.json could not be read. If this is a development environment you can ignore this message
[21:21:05] [main/WARN]: Error loading class: net/minecraft/class_881 (java.lang.ClassNotFoundException: net/minecraft/class_881)
[21:21:05] [main/WARN]: @Mixin target net.minecraft.class_881 was not found porting_lib_base.mixins.json:client.BoatRendererMixin from mod porting_lib_base
[21:21:05] [main/WARN]: Error loading class: net/minecraft/class_525 (java.lang.ClassNotFoundException: net/minecraft/class_525)
[21:21:05] [main/WARN]: @Mixin target net.minecraft.class_525 was not found porting_lib_base.mixins.json:client.CreateWorldScreenMixin from mod porting_lib_base
[21:21:05] [main/WARN]: Error loading class: net/minecraft/class_906 (java.lang.ClassNotFoundException: net/minecraft/class_906)
[21:21:05] [main/WARN]: @Mixin target net.minecraft.class_906 was not found porting_lib_tool_actions.mixins.json:FishingHookRendererMixin from mod porting_lib_tool_actions
[21:21:05] [main/WARN]: Error loading class: net/minecraft/class_761 (java.lang.ClassNotFoundException: net/minecraft/class_761)
[21:21:05] [main/WARN]: @Mixin target net.minecraft.class_761 was not found accessories-common.mixins.json:LevelRendererAccessor from mod accessories
[21:21:06] [main/WARN]: Error loading class: net/minecraft/class_276 (java.lang.ClassNotFoundException: net/minecraft/class_276)
[21:21:06] [main/WARN]: @Mixin target net.minecraft.class_276 was not found pointblank.fabric.mixins.json:RenderTargetMixin from mod pointblank
[21:21:06] [main/WARN]: Error loading class: net/minecraft/class_7766 (java.lang.ClassNotFoundException: net/minecraft/class_7766)
[21:21:06] [main/WARN]: @Mixin target net.minecraft.class_7766 was not found pointblank.fabric.mixins.json:SpriteLoaderMixin from mod pointblank
[21:21:06] [main/WARN]: Error loading class: net/minecraft/class_481 (java.lang.ClassNotFoundException: net/minecraft/class_481)
[21:21:06] [main/WARN]: @Mixin target net.minecraft.class_481 was not found porting_lib_items.mixins.json:client.CreativeModeInventoryScreenMixin from mod porting_lib_items
[21:21:06] [main/WARN]: Error loading class: com/simibubi/create/content/kinetics/base/BlockBreakingKineticBlockEntity (java.lang.ClassNotFoundException: com/simibubi/create/content/kinetics/base/BlockBreakingKineticBlockEntity)
[21:21:06] [main/INFO]: Initializing MixinExtras via com.llamalad7.mixinextras.service.MixinExtrasServiceImpl(version=0.5.0).
[21:21:07] [main/WARN]: @ModifyVariable(@At("INVOKE")) Shift.BY=2 on accessories-fabric.mixins.json:LivingEntityMixin from mod accessories::localvar$zfh000$accessories$adjustLooting exceeds the maximum allowed value: 0. Increase the value of maxShiftBy to suppress this warning.
[21:21:09] [main/WARN]: @Inject(@At("INVOKE")) Shift.BY=2 on accessories-common.mixins.json:NbtCompoundMixin from mod accessories::handler$zgd000$accessories$adjustCheckForListVariants exceeds the maximum allowed value: 0. Increase the value of maxShiftBy to suppress this warning.
[21:21:11] [main/WARN]: Discarding @Unique public method getSlotIndex in porting_lib_extensions.mixins.json:common.SlotMixin from mod porting_lib_extensions because it already exists in net.minecraft.class_1735
[21:21:12] [main/INFO]: Registering Listeners!
[21:21:12] [main/WARN]: Correcting config value 'floatArray[0]' from '135.32' to '500.0'
[21:21:12] [main/INFO]: Registered azurelib config for auto-sync function
[21:21:12] [main/INFO]: [bclib] Added Config bclib.generator to auto sync (file hash)
[21:21:12] [main/INFO]: [bclib] Added Config bclib.main to auto sync (content diff)
[21:21:12] [main/INFO]: [bclib] Added Config bclib.biomes to auto sync (file hash)
[21:21:12] [main/INFO]: [bclib] Added Config betterend.entities to auto sync (file hash)
[21:21:12] [main/INFO]: [bclib] Added Config betterend.blocks to auto sync (file hash)
[21:21:12] [main/INFO]: [bclib] Added Config betterend.items to auto sync (file hash)
[21:21:12] [main/INFO]: [bclib] Added Config betterend.biomes to auto sync (file hash)
[21:21:12] [main/INFO]: [bclib] Added Config betterend.recipes to auto sync (file hash)
[21:21:12] [main/INFO]: [bclib] Added Config betterend.enchantments to auto sync (file hash)
[21:21:13] [main/INFO]: Fixing MC-151457. Crafting remainder for minecraft:pufferfish_bucket is now minecraft:bucket.
[21:21:13] [main/INFO]: Fixing MC-151457. Crafting remainder for minecraft:salmon_bucket is now minecraft:bucket.
[21:21:13] [main/INFO]: Fixing MC-151457. Crafting remainder for minecraft:cod_bucket is now minecraft:bucket.
[21:21:13] [main/INFO]: Fixing MC-151457. Crafting remainder for minecraft:tropical_fish_bucket is now minecraft:bucket.
[21:21:13] [main/INFO]: Fixing MC-151457. Crafting remainder for minecraft:axolotl_bucket is now minecraft:bucket.
[21:21:13] [main/INFO]: Fixing MC-151457. Crafting remainder for minecraft:powder_snow_bucket is now minecraft:bucket.
[21:21:13] [main/INFO]: Fixing MC-151457. Crafting remainder for minecraft:tadpole_bucket is now minecraft:bucket.
[21:21:13] [main/INFO]: Loaded config: golemBuildSpawning=true, golemPressesButtons=true, buttonPressChance=5%, golemTransportStackSize=16, weatheringTickFrom=504000, weatheringTickTo=552000
[21:21:13] [main/INFO]: Initializing Copper-Age-Backport on Fabric
[21:21:13] [main/INFO]: Registering sounds for Copper-Age-Backport
[21:21:13] [main/INFO]: Registering memory module types for Copper-Age-Backport
[21:21:13] [main/INFO]: Registering particles for Copper-Age-Backport
[21:21:13] [main/INFO]: Registering blocks for Copper-Age-Backport
[21:21:13] [main/INFO]: Registering block entities for Copper-Age-Backport
[21:21:13] [main/INFO]: Registering entities for Copper-Age-Backport
[21:21:13] [main/ERROR]: No data fixer registered for copper_golem
[21:21:13] [main/INFO]: Registering items for Copper-Age-Backport
[21:21:13] [main/INFO]: ModCompat: Mod 'fastchest' not loaded, skipping compatibility module
[21:21:13] [main/INFO]: ModCompat: Mod 'sophisticatedstorage' not loaded, skipping compatibility module
[21:21:13] [main/INFO]: ModCompat: Mod 'ironchest' not loaded, skipping compatibility module
[21:21:13] [main/INFO]: ModCompat: Initializing 0 compatibility modules...
[21:21:13] [main/INFO]: ModCompat: Initialization complete. 0 chest handlers, 0 container handlers registered.
[21:21:13] [main/INFO]: Copper-Age-Backport initialized successfully!
[21:21:13] [main/INFO]: Fired 1 registration callbacks
[21:21:13] [main/INFO]: fabric loader environment detected
[21:21:17] [main/INFO]: Reflections took 2821 ms to scan 213 urls, producing 10026 keys and 64254 values
[21:21:18] [main/ERROR]: No data fixer registered for rotten_tomato
[21:21:19] [main/ERROR]: No data fixer registered for immersive_aircraft:gyrodyne
[21:21:19] [main/ERROR]: No data fixer registered for immersive_aircraft:biplane
[21:21:19] [main/ERROR]: No data fixer registered for immersive_aircraft:airship
[21:21:19] [main/ERROR]: No data fixer registered for immersive_aircraft:cargo_airship
[21:21:19] [main/ERROR]: No data fixer registered for immersive_aircraft:warship
[21:21:19] [main/ERROR]: No data fixer registered for immersive_aircraft:quadrocopter
[21:21:19] [main/ERROR]: No data fixer registered for immersive_aircraft:bamboo_hopper
[21:21:19] [main/ERROR]: No data fixer registered for immersive_aircraft:bullet
[21:21:19] [main/ERROR]: No data fixer registered for immersive_aircraft:tiny_tnt
[21:21:19] [main/INFO]: Definitely not up to no good
[21:21:19] [main/INFO]: Loading mod pointblank
[21:21:19] [main/INFO]: [STDERR]: java.nio.file.NoSuchFileException: /workspaces/potential-giggle/servidor_minecraft/pointblank
[21:21:19] [main/INFO]: [STDERR]: 	at java.base/sun.nio.fs.UnixException.translateToIOException(UnixException.java:92)
[21:21:19] [main/INFO]: [STDERR]: 	at java.base/sun.nio.fs.UnixException.rethrowAsIOException(UnixException.java:106)
[21:21:19] [main/INFO]: [STDERR]: 	at java.base/sun.nio.fs.UnixException.rethrowAsIOException(UnixException.java:111)
[21:21:19] [main/INFO]: [STDERR]: 	at java.base/sun.nio.fs.UnixFileSystemProvider.newDirectoryStream(UnixFileSystemProvider.java:440)
[21:21:19] [main/INFO]: [STDERR]: 	at java.base/java.nio.file.Files.newDirectoryStream(Files.java:482)
[21:21:19] [main/INFO]: [STDERR]: 	at knot//com.vicmatskiv.pointblank.registry.ExtensionRegistry.scanExtensions(ExtensionRegistry.java:415)
[21:21:19] [main/INFO]: [STDERR]: 	at knot//com.vicmatskiv.pointblank.registry.ExtensionRegistry.discoverExtensions(ExtensionRegistry.java:239)
[21:21:19] [main/INFO]: [STDERR]: 	at knot//com.vicmatskiv.pointblank.PointBlankInitializer.init(PointBlankInitializer.java:30)
[21:21:19] [main/INFO]: [STDERR]: 	at knot//com.vicmatskiv.pointblank.PointBlankMod.onInitialize(PointBlankMod.java:9)
[21:21:19] [main/INFO]: [STDERR]: 	at net.fabricmc.loader.impl.FabricLoaderImpl.invokeEntrypoints(FabricLoaderImpl.java:405)
[21:21:19] [main/INFO]: [STDERR]: 	at net.fabricmc.loader.impl.game.minecraft.Hooks.startServer(Hooks.java:63)
[21:21:19] [main/INFO]: [STDERR]: 	at knot//net.minecraft.server.Main.main(Main.java:112)
[21:21:19] [main/INFO]: [STDERR]: 	at net.fabricmc.loader.impl.game.minecraft.MinecraftGameProvider.launch(MinecraftGameProvider.java:514)
[21:21:19] [main/INFO]: [STDERR]: 	at net.fabricmc.loader.impl.launch.knot.Knot.launch(Knot.java:72)
[21:21:19] [main/INFO]: [STDERR]: 	at net.fabricmc.loader.impl.launch.knot.KnotServer.main(KnotServer.java:23)
[21:21:19] [main/INFO]: [STDERR]: 	at net.fabricmc.loader.impl.launch.server.FabricServerLauncher.main(FabricServerLauncher.java:69)
[21:21:19] [main/INFO]: [STDERR]: 	at net.fabricmc.installer.ServerLauncher.main(ServerLauncher.java:69)
[21:21:19] [main/ERROR]: No data fixer registered for grenade40mm
[21:21:19] [main/ERROR]: No data fixer registered for grenade20mm
[21:21:19] [main/ERROR]: No data fixer registered for smaw_rocket
[21:21:19] [main/ERROR]: No data fixer registered for at4_rocket
[21:21:19] [main/ERROR]: No data fixer registered for javelin_rocket
[21:21:19] [main/ERROR]: No data fixer registered for grenade
[21:21:20] [main/ERROR]: No data fixer registered for battlestandard
[21:21:20] [main/ERROR]: No data fixer registered for battlestandarddark
[21:21:20] [main/ERROR]: No data fixer registered for simplyswords:simplybeeentity
[21:21:20] [main/INFO]: [STDOUT]: /workspaces/potential-giggle/servidor_minecraft/config
[21:21:20] [main/ERROR]: No data fixer registered for 
[21:21:21] [main/INFO]: Registered the FluidEffect with Unique ID of minecraft:water for Water (Fluid Amount Required: 81000) with the ID 0
[21:21:21] [main/INFO]: Registered the FluidEffect with Unique ID of minecraft:lava for Lava (Fluid Amount Required: 81000) with the ID 1
[21:21:21] [main/INFO]: Registered the FluidEffect with Unique ID of travelersbackpack:potion for block.travelersbackpack.potion_still (Fluid Amount Required: 27000) with the ID 2
[21:21:21] [main/INFO]: Registered the FluidEffect with Unique ID of milk:still_milk for Air (Fluid Amount Required: 81000) with the ID 3
[21:21:21] [main/INFO]: [uncraftingtable76] Initializing...
[21:21:21] [main/INFO]: Registering C2S receiver with id uncraftingtable76:network_ctrl
[21:21:21] [main/INFO]: Environment: authHost='https://authserver.mojang.com', accountsHost='https://api.mojang.com', sessionHost='https://sessionserver.mojang.com', servicesHost='https://api.minecraftservices.com', name='PROD'
[21:21:21] [main/INFO]: Found new data pack fabric, loading it automatically
[21:21:21] [main/INFO]: Found new data pack pointblank_resources, loading it automatically
[21:21:21] [main/INFO]: [bclib] Did not manage biome betterend:empty_aurora_cave
[21:21:21] [main/INFO]: [bclib] Did not manage biome betterend:empty_end_cave
[21:21:21] [main/INFO]: [bclib] Did not manage biome betterend:empty_smaragdant_cave
[21:21:21] [main/INFO]: [bclib] Did not manage biome betterend:jade_cave
[21:21:21] [main/INFO]: [bclib] Did not manage biome betterend:lush_aurora_cave
[21:21:21] [main/INFO]: [bclib] Did not manage biome betterend:lush_smaragdant_cave
[21:21:21] [main/INFO]: [bclib] Did not manage biome betterend:megalake_grove
[21:21:21] [main/INFO]: [bclib] Did not manage biome betterend:neon_oasis
[21:21:21] [main/INFO]: [bclib] Did not manage biome betterend:painted_mountains
[21:21:22] [main/INFO]: [bclib] Updating Pickers for BCLib - The End  BiomeSource (23b34ad4)
[21:21:22] [main/INFO]: [bclib] Unable to build Biome List yet
[21:21:22] [main/INFO]: [bclib] No Void Biomes found. Disabling by using barrens
[21:21:22] [main/INFO]: [bclib] No Barrens Biomes found. Disabling by using land Biomes
[21:21:22] [main/WARN]: [bclib] No Center Island Biomes found. Forcing use of vanilla center.
[21:21:22] [main/INFO]: [bclib] Updating Pickers for BCLib - Nether BiomeSource (3f6d5597)
[21:21:22] [main/INFO]: [bclib] Unable to build Biome List yet
[21:21:22] [main/INFO]: [bclib] Updating Pickers for BCLib - The End  BiomeSource (39aeea26)
[21:21:22] [main/INFO]: [bclib] Unable to build Biome List yet
[21:21:22] [main/INFO]: [bclib] No Void Biomes found. Disabling by using barrens
[21:21:22] [main/INFO]: [bclib] No Barrens Biomes found. Disabling by using land Biomes
[21:21:22] [main/WARN]: [bclib] No Center Island Biomes found. Forcing use of vanilla center.
[21:21:22] [main/INFO]: [bclib] Updating Pickers for BCLib - Nether BiomeSource (18c48bdb)
[21:21:22] [main/INFO]: [bclib] Unable to build Biome List yet
[21:21:22] [main/INFO]: [bclib] Updating Pickers for BCLib - The End  BiomeSource (2ec8aff0)
[21:21:22] [main/INFO]: [bclib] Unable to build Biome List yet
[21:21:22] [main/INFO]: [bclib] No Void Biomes found. Disabling by using barrens
[21:21:22] [main/INFO]: [bclib] No Barrens Biomes found. Disabling by using land Biomes
[21:21:22] [main/WARN]: [bclib] No Center Island Biomes found. Forcing use of vanilla center.
[21:21:22] [main/INFO]: [bclib] Updating Pickers for BCLib - Nether BiomeSource (56b8e73e)
[21:21:22] [main/INFO]: [bclib] Unable to build Biome List yet
[21:21:22] [main/INFO]: [bclib] Updating Pickers for BCLib - The End  BiomeSource (1959fdcb)
[21:21:22] [main/INFO]: [bclib] Unable to build Biome List yet
[21:21:22] [main/INFO]: [bclib] No Void Biomes found. Disabling by using barrens
[21:21:22] [main/INFO]: [bclib] No Barrens Biomes found. Disabling by using land Biomes
[21:21:22] [main/WARN]: [bclib] No Center Island Biomes found. Forcing use of vanilla center.
[21:21:22] [main/INFO]: [bclib] Updating Pickers for BCLib - Nether BiomeSource (47b11b21)
[21:21:22] [main/INFO]: [bclib] Unable to build Biome List yet
[21:21:22] [main/WARN]: [bclib] No valid BCLBiome Registry available!
[21:21:22] [main/WARN]: [bclib] No valid Biome Registry available!
[21:21:25] [main/INFO]: [bclib] Disabling Recipe: bclib:test_star
[21:21:25] [main/ERROR]: Parsing error loading recipe betterend:guide_book
com.google.gson.JsonSyntaxException: Unknown item 'betterend:guidebook'
	at net.minecraft.class_1869.method_17878(class_1869.java:272) ~[server-intermediary.jar:?]
	at java.util.Optional.orElseThrow(Optional.java:403) ~[?:?]
	at net.minecraft.class_1869.method_8155(class_1869.java:272) ~[server-intermediary.jar:?]
	at net.minecraft.class_1869.method_35228(class_1869.java:259) ~[server-intermediary.jar:?]
	at net.minecraft.class_1869$class_1870.method_8164(class_1869.java:293) ~[server-intermediary.jar:?]
	at net.minecraft.class_1869$class_1870.method_8121(class_1869.java:279) ~[server-intermediary.jar:?]
	at net.minecraft.class_1863.method_17720(class_1863.java:135) ~[server-intermediary.jar:?]
	at net.minecraft.class_1863.method_20705(class_1863.java:56) ~[server-intermediary.jar:?]
	at net.minecraft.class_1863.method_18788(class_1863.java:35) ~[server-intermediary.jar:?]
	at net.minecraft.class_4080.method_18790(class_4080.java:13) ~[server-intermediary.jar:?]
	at java.util.concurrent.CompletableFuture$UniAccept.tryFire(CompletableFuture.java:718) ~[?:?]
	at java.util.concurrent.CompletableFuture$Completion.run(CompletableFuture.java:482) ~[?:?]
	at net.minecraft.class_4014.method_18365(class_4014.java:69) ~[server-intermediary.jar:?]
	at net.minecraft.class_156.method_43498(class_156.java:950) ~[server-intermediary.jar:?]
	at net.minecraft.class_156.method_43499(class_156.java:938) ~[server-intermediary.jar:?]
	at net.minecraft.server.Main.main(Main.java:160) ~[server-intermediary.jar:?]
	at net.fabricmc.loader.impl.game.minecraft.MinecraftGameProvider.launch(MinecraftGameProvider.java:514) ~[fabric-loader-0.18.2.jar:?]
	at net.fabricmc.loader.impl.launch.knot.Knot.launch(Knot.java:72) ~[fabric-loader-0.18.2.jar:?]
	at net.fabricmc.loader.impl.launch.knot.KnotServer.main(KnotServer.java:23) ~[fabric-loader-0.18.2.jar:?]
	at net.fabricmc.loader.impl.launch.server.FabricServerLauncher.main(FabricServerLauncher.java:69) ~[fabric-loader-0.18.2.jar:?]
	at net.fabricmc.installer.ServerLauncher.main(ServerLauncher.java:69) ~[fabric-server-launch.jar:1.0.1]
[21:21:25] [main/INFO]: Loaded 13 recipes
[21:21:25] [main/ERROR]: Parsing error loading custom advancement naturescompass:natures_compass: Expected items to be a JsonArray, was "min...ss"
[21:21:26] [main/INFO]: Loaded 3209 advancements
[21:21:26] [ForkJoinPool.commonPool-worker-3/INFO]: Loaded 58 translation keys
[21:21:28] [main/INFO]: [bclib] Updating Pickers for BCLib - The End  BiomeSource (1959fdcb)
[21:21:28] [main/INFO]: [bclib] Updating Pickers for BCLib - Nether BiomeSource (47b11b21)
[21:21:28] [main/INFO]: [worlds_together] Creating a new World, no fixes needed
[21:21:28] [main/INFO]: [DataFixerAPI] Applying Patch{bclib:3.0.11:12582923}
[21:21:28] [main/INFO]: [DataFixerAPI] Updating Patch-Level for 'bclib' from 0.0.0 to 3.0.11
[21:21:28] [main/INFO]: Applied 78 biome modifications to 41 of 89 new biomes in 8.201 ms
[21:21:28] [Server thread/INFO]: Reading config.
[21:21:28] [Server thread/INFO]: Starting background profiler...
[21:21:30] [Server thread/INFO]: Starting minecraft server version 1.20.1
[21:21:30] [Server thread/INFO]: Loading properties
[21:21:30] [Server thread/INFO]: Default game type: SURVIVAL
[21:21:30] [Server thread/INFO]: Generating keypair
[21:21:30] [Server thread/INFO]: Starting Minecraft server on *:25565
[21:21:30] [Server thread/INFO]: Using epoll channel type
[21:21:30] [Server thread/WARN]: **** SERVER IS RUNNING IN OFFLINE/INSECURE MODE!
[21:21:30] [Server thread/WARN]: The server will make no attempt to authenticate usernames. Beware.
[21:21:30] [Server thread/WARN]: While this makes the game possible to play without internet access, it also opens up the ability for hackers to connect with any username they choose.
[21:21:30] [Server thread/WARN]: To change this, set "online-mode" to "true" in the server.properties file.
[21:21:30] [Server thread/INFO]: Preparing level "world"
[21:21:30] [Server thread/INFO]: [bclib] 
Apply Modifications for minecraft:the_end
    BCLib - The End  BiomeSource (1959fdcb)
        biomes     = 24
        namespaces = betterend(19), minecraft(5)
        seed       = 0
        height     = 128
        deciders   = 0
        config     = BCLEndBiomeSourceConfig{mapVersion=hex, generatorVersion=vanilla, withVoidBiomes=true, innerVoidRadiusSquared=1048576, voidBiomesSize=256, centerBiomesSize=256, landBiomesSize=256, barrensBiomesSize=256}
[21:21:30] [Server thread/INFO]: [bclib] 
Apply Modifications for minecraft:the_nether
    BCLib - Nether BiomeSource (47b11b21)
        biomes     = 5
        namespaces = minecraft(5)
        seed       = 0
        height     = 128
        config     = BCLibNetherBiomeSourceConfig{mapVersion=hex, useVerticalBiomes=true, amplified=false, biomeSize=256, biomeSizeVertical=86}
[21:21:30] [Server thread/INFO]: [bclib] 
Apply Modifications for minecraft:overworld
    class_4766 (57fabbfc)
        biomes     = 53
        namespaces = minecraft(53)
[21:21:30] [Server thread/INFO]: [bclib] World Dimensions: 
 - minecraft:the_end: 
     BCLib - Chunk Generator (6f998bab) 
     BCLib - The End  BiomeSource (1959fdcb)
         biomes     = 24
         namespaces = betterend(19), minecraft(5)
         seed       = 0
         height     = 128
         deciders   = 0
         config     = BCLEndBiomeSourceConfig{mapVersion=hex, generatorVersion=vanilla, withVoidBiomes=true, innerVoidRadiusSquared=1048576, voidBiomesSize=256, centerBiomesSize=256, landBiomesSize=256, barrensBiomesSize=256}
 - minecraft:the_nether: 
     BCLib - Chunk Generator (4de2aa6a) 
     BCLib - Nether BiomeSource (47b11b21)
         biomes     = 5
         namespaces = minecraft(5)
         seed       = 0
         height     = 128
         config     = BCLibNetherBiomeSourceConfig{mapVersion=hex, useVerticalBiomes=true, amplified=false, biomeSize=256, biomeSizeVertical=86}
 - minecraft:overworld: 
     net.minecraft.class_3754@420ca70c 
     class_4766 (57fabbfc)
         biomes     = 53
         namespaces = minecraft(53)
[21:21:30] [Server thread/INFO]: [bclib] Merged 19 additional Surface Rules for 
BCLib - The End  BiomeSource (1959fdcb)
    biomes     = 24
    namespaces = betterend(19), minecraft(5)
    seed       = 0
    height     = 128
    deciders   = 0
    config     = BCLEndBiomeSourceConfig{mapVersion=hex, generatorVersion=vanilla, withVoidBiomes=true, innerVoidRadiusSquared=1048576, voidBiomesSize=256, centerBiomesSize=256, landBiomesSize=256, barrensBiomesSize=256} => 20
[21:21:36] [Server thread/INFO]: Preparing start region for dimension minecraft:overworld
[21:21:37] [Worker-Main-3/INFO]: Preparing spawn area: 0%
[21:21:37] [Worker-Main-3/INFO]: Preparing spawn area: 0%
[21:21:37] [Worker-Main-2/INFO]: Preparing spawn area: 0%
[21:21:38] [Worker-Main-1/INFO]: Preparing spawn area: 0%
[21:21:38] [Worker-Main-2/INFO]: Preparing spawn area: 0%
[21:21:39] [Worker-Main-1/INFO]: Preparing spawn area: 0%
[21:21:39] [Worker-Main-3/INFO]: Preparing spawn area: 1%
[21:21:40] [Worker-Main-2/INFO]: Preparing spawn area: 1%
[21:21:40] [Worker-Main-1/INFO]: Preparing spawn area: 2%
[21:21:41] [Worker-Main-3/INFO]: Preparing spawn area: 4%
[21:21:41] [Worker-Main-1/INFO]: Preparing spawn area: 4%
[21:21:42] [Worker-Main-1/INFO]: Preparing spawn area: 6%
[21:21:42] [Worker-Main-2/INFO]: Preparing spawn area: 7%
[21:21:43] [Worker-Main-2/INFO]: Preparing spawn area: 9%
[21:21:43] [Worker-Main-3/INFO]: Preparing spawn area: 10%
[21:21:44] [Worker-Main-1/INFO]: Preparing spawn area: 12%
[21:21:44] [Worker-Main-3/INFO]: Preparing spawn area: 15%
[21:21:45] [Worker-Main-2/INFO]: Preparing spawn area: 15%
[21:21:45] [Worker-Main-2/INFO]: Preparing spawn area: 17%
[21:21:46] [Worker-Main-2/INFO]: Preparing spawn area: 20%
[21:21:46] [Worker-Main-1/INFO]: Preparing spawn area: 22%
[21:21:47] [Worker-Main-3/INFO]: Preparing spawn area: 23%
[21:21:47] [Worker-Main-3/INFO]: Preparing spawn area: 26%
[21:21:48] [Worker-Main-1/INFO]: Preparing spawn area: 28%
[21:21:48] [Worker-Main-2/INFO]: Preparing spawn area: 31%
[21:21:49] [Worker-Main-3/INFO]: Preparing spawn area: 32%
[21:21:49] [Worker-Main-3/INFO]: Preparing spawn area: 34%
[21:21:50] [Worker-Main-1/INFO]: Preparing spawn area: 36%
[21:21:50] [Worker-Main-2/INFO]: Preparing spawn area: 39%
[21:21:51] [Worker-Main-2/INFO]: Preparing spawn area: 42%
[21:21:51] [Worker-Main-1/INFO]: Preparing spawn area: 43%
[21:21:52] [Worker-Main-2/INFO]: Preparing spawn area: 46%
[21:21:52] [Worker-Main-3/INFO]: Preparing spawn area: 48%
[21:21:53] [Worker-Main-3/INFO]: Preparing spawn area: 51%
[21:21:53] [Worker-Main-1/INFO]: Preparing spawn area: 54%
[21:21:54] [Worker-Main-1/INFO]: Preparing spawn area: 56%
[21:21:54] [Worker-Main-3/INFO]: Preparing spawn area: 57%
[21:21:55] [Worker-Main-2/INFO]: Preparing spawn area: 60%
[21:21:55] [Worker-Main-2/INFO]: Preparing spawn area: 64%
[21:21:56] [Worker-Main-2/INFO]: Preparing spawn area: 66%
[21:21:56] [Worker-Main-1/INFO]: Preparing spawn area: 68%
[21:21:57] [Worker-Main-2/INFO]: Preparing spawn area: 70%
[21:21:57] [Worker-Main-2/INFO]: Preparing spawn area: 73%
[21:21:58] [Worker-Main-2/INFO]: Preparing spawn area: 76%
[21:21:58] [Worker-Main-2/INFO]: Preparing spawn area: 80%
[21:21:59] [Worker-Main-3/INFO]: Preparing spawn area: 83%
[21:21:59] [Worker-Main-1/INFO]: Preparing spawn area: 85%
[21:22:00] [Worker-Main-2/INFO]: Preparing spawn area: 87%
[21:22:00] [Worker-Main-2/INFO]: Preparing spawn area: 90%
[21:22:01] [Worker-Main-2/INFO]: Preparing spawn area: 94%
[21:22:01] [Worker-Main-2/INFO]: Preparing spawn area: 97%
[21:22:01] [Server thread/INFO]: Time elapsed: 25303 ms
[21:22:01] [Server thread/INFO]: Done (31.372s)! For help, type "help"
[21:22:21] [Server thread/INFO]: miguel[/127.194.193.159:36515] logged in with entity id 271 at (9.5, 74.0, -14.5)
[21:22:21] [Server thread/INFO]: Loading config from file...
[21:22:22] [Server thread/INFO]: miguel joined the game
[21:22:22] [Server thread/INFO]: [bclib] Received Hello from Client. (server=3.0.14, client=3.0.14)
[21:22:22] [Server thread/INFO]: [bclib] Sending Hello to Client. (server=3.0.14)
[21:22:22] [Server thread/INFO]: [bclib] 	- Listing Mod bclib v3.0.14 (size: 2.2 MiB, download=true)
[21:22:22] [Server thread/INFO]: [bclib] 	- Offering Config bclib.CONFIG_bclib.generator
[21:22:22] [Server thread/INFO]: [bclib] 	- Offering Config bclib.CONFIG_bclib.main
[21:22:22] [Server thread/INFO]: [bclib] 	- Offering Config bclib.CONFIG_bclib.biomes
[21:22:22] [Server thread/INFO]: [bclib] 	- Offering Config bclib.CONFIG_betterend.entities
[21:22:22] [Server thread/INFO]: [bclib] 	- Offering Config bclib.CONFIG_betterend.blocks
[21:22:22] [Server thread/INFO]: [bclib] 	- Offering Config bclib.CONFIG_betterend.items
[21:22:22] [Server thread/INFO]: [bclib] 	- Offering Config bclib.CONFIG_betterend.enchantments
[21:22:22] [Server thread/INFO]: [bclib] 	- Offering Folder /workspaces/potential-giggle/servidor_minecraft/bclib-sync (allowDelete=true)
[21:22:51] [Server thread/INFO]: miguel lost connection: Timed out
[21:22:51] [Server thread/INFO]: miguel left the game
[21:22:51] [Server thread/WARN]: handleDisconnection() called twice
[21:23:06] [Server thread/INFO]: miguel[/127.194.193.159:39085] logged in with entity id 423 at (9.5, 74.0, -14.5)
[21:23:06] [Server thread/INFO]: Loading config from file...
[21:23:06] [Server thread/INFO]: miguel joined the game
[21:23:07] [Server thread/INFO]: [bclib] Received Hello from Client. (server=3.0.14, client=3.0.14)
[21:23:07] [Server thread/INFO]: [bclib] Sending Hello to Client. (server=3.0.14)
[21:23:07] [Server thread/INFO]: [bclib] 	- Listing Mod bclib v3.0.14 (size: 2.2 MiB, download=true)
[21:23:07] [Server thread/INFO]: [bclib] 	- Offering Config bclib.CONFIG_bclib.generator
[21:23:07] [Server thread/INFO]: [bclib] 	- Offering Config bclib.CONFIG_bclib.main
[21:23:07] [Server thread/INFO]: [bclib] 	- Offering Config bclib.CONFIG_bclib.biomes
[21:23:07] [Server thread/INFO]: [bclib] 	- Offering Config bclib.CONFIG_betterend.entities
[21:23:07] [Server thread/INFO]: [bclib] 	- Offering Config bclib.CONFIG_betterend.blocks
[21:23:07] [Server thread/INFO]: [bclib] 	- Offering Config bclib.CONFIG_betterend.items
[21:23:07] [Server thread/INFO]: [bclib] 	- Offering Config bclib.CONFIG_betterend.enchantments
[21:23:07] [Server thread/INFO]: [bclib] 	- Offering Folder /workspaces/potential-giggle/servidor_minecraft/bclib-sync (allowDelete=true)
[21:23:46] [Server thread/INFO]: [Not Secure] <miguel> hla
[21:24:06] [Server thread/INFO]: miguel lost connection: Timed out
[21:24:06] [Server thread/INFO]: miguel left the game
[21:29:52] [Server thread/INFO]: miguel[/127.194.193.159:45381] logged in with entity id 571 at (11.74484128361475, 76.0, -12.284535858981355)
[21:29:52] [Server thread/INFO]: Loading config from file...
[21:29:52] [Server thread/INFO]: miguel joined the game
[21:29:52] [Server thread/INFO]: [bclib] Received Hello from Client. (server=3.0.14, client=3.0.14)
[21:29:52] [Server thread/INFO]: [bclib] Sending Hello to Client. (server=3.0.14)
[21:29:52] [Server thread/INFO]: [bclib] 	- Listing Mod bclib v3.0.14 (size: 2.2 MiB, download=true)
[21:29:52] [Server thread/INFO]: [bclib] 	- Offering Config bclib.CONFIG_bclib.generator
[21:29:52] [Server thread/INFO]: [bclib] 	- Offering Config bclib.CONFIG_bclib.main
[21:29:52] [Server thread/INFO]: [bclib] 	- Offering Config bclib.CONFIG_bclib.biomes
[21:29:52] [Server thread/INFO]: [bclib] 	- Offering Config bclib.CONFIG_betterend.entities
[21:29:52] [Server thread/INFO]: [bclib] 	- Offering Config bclib.CONFIG_betterend.blocks
[21:29:52] [Server thread/INFO]: [bclib] 	- Offering Config bclib.CONFIG_betterend.items
[21:29:52] [Server thread/INFO]: [bclib] 	- Offering Config bclib.CONFIG_betterend.enchantments
[21:29:52] [Server thread/INFO]: [bclib] 	- Offering Folder /workspaces/potential-giggle/servidor_minecraft/bclib-sync (allowDelete=true)
[21:34:12] [Server thread/INFO]: miguel has made the advancement [Carting around]
[21:37:51] [Server thread/WARN]: Can't keep up! Is the server overloaded? Running 219122ms or 4382 ticks behind
[21:35:12] [Server Watchdog/ERROR]: A single server tick took 60.00 seconds (should be max 0.05)
[21:34:35] [spark-async-sampler-worker-thread/WARN]: Timed out waiting for world statistics
[21:37:51] [Server Watchdog/ERROR]: Considering it to be crashed, server will forcibly shutdown.
[21:37:51] [Server thread/INFO]: miguel lost connection: Disconnected
[21:37:51] [Server thread/INFO]: miguel left the game
[21:37:51] [Server Watchdog/ERROR]: This crash report has been saved to: /workspaces/potential-giggle/servidor_minecraft/./crash-reports/crash-2025-12-31_21.37.51-server.txt
